federated_apply(<
  (zipped_tree -> <
    zipped_tree[0][0],
    zipped_tree[0][1],
    zipped_tree[1]
  >),
  (let
    value=v
   in federated_zip_at_server(<
    federated_zip_at_server(<
      value[0],
      value[1]
    >),
    value[2]
  >))
>)
