federated_apply(<
  (x -> <
    a=x[0],
    b=x[1]
  >),
  federated_zip_at_server((let
    named=v
   in <
    named[0],
    named[1]
  >))
>)
