federated_apply(<
  (x -> <
    a=<
      b=x[0]
    >
  >),
  federated_apply(<
    (arg -> <
      arg
    >),
    <
      v[0][0]
    >[0]
  >)
>)
