federated_map(<
  (zipped_tree -> <
    zipped_tree[0][0][0],
    zipped_tree[0][0][1],
    zipped_tree[0][1][0],
    zipped_tree[0][1][1],
    zipped_tree[1][0][0],
    zipped_tree[1][0][1],
    zipped_tree[1][1][0],
    zipped_tree[1][1][1]
  >),
  (let
    value=v
   in federated_zip_at_clients(<
    federated_zip_at_clients(<
      federated_zip_at_clients(<
        value[0],
        value[1]
      >),
      federated_zip_at_clients(<
        value[2],
        value[3]
      >)
    >),
    federated_zip_at_clients(<
      federated_zip_at_clients(<
        value[4],
        value[5]
      >),
      federated_zip_at_clients(<
        value[6],
        value[7]
      >)
    >)
  >))
>)
